// Jest Snapshot v1, https://goo.gl/fbAQLP

exports[`renders without crashing 1`] = `
<button
  className="rounded text-white bg-green-500"
  onClick={[Function]}
  type="button"
>
  Click Me!
</button>
`;
